// Jest Snapshot v1, https://goo.gl/fbAQLP

exports[`renders button with given url 1`] = `
Array [
  <div>
    <span>
      Ledger
    </span>
    <span
      className="pull-right"
    >
      <JSONButton
        url="https://somebackend.xyz/ledger/12345"
      />
    </span>
  </div>,
]
`;
